
type bar { 
    foo: Int
}

type foobar { 
    foo: Int
}
